node.exe : Loaded Prisma 
config from 
prisma.config.ts.
At C:\Program 
Files\nodejs\npx.ps1:29 
char:3
+   & $NODE_EXE 
$NPX_CLI_JS $args
+   ~~~~~~~~~~~~~~~~~~~~~
~~~~~~~~
    + CategoryInfo       
       : NotSpecified:   
  (Loaded Prisma c...i   
 sma.config.ts.:Strin    
g) [], RemoteExcepti    
on
    + FullyQualifiedErro 
   rId : NativeCommandE  
  rror
 

Prisma schema loaded 
from 
prisma\schema.prisma.
Error: Prisma schema 
validation - (get-config 
wasm)
Error code: P1012
error: The datasource 
property `url` is no 
longer supported in 
schema files. Move 
connection URLs for 
Migrate to 
`prisma.config.ts` and 
pass either `adapter` 
for a direct database 
connection or 
`accelerateUrl` for 
Accelerate to the 
`PrismaClient` 
constructor. See https://
pris.ly/d/config-datasour
ce and https://pris.ly/d/
prisma7-client-config
  -->  
prisma\schema.prisma:7
   | 
 6 |   provider = 
"postgresql"
 7 |   url      = "postgr
esql://neondb_owner:F6j58
1vYvXpKXwQc3Sg1m@ep-empty
-silence-a510ybd6.us-east
-2.aws.neon.tech/neondb?s
slmode=require"
   | 

Validation Error Count: 1
[Context: getConfig]

Prisma CLI Version : 
7.7.0
